// Jest Snapshot v1, https://goo.gl/fbAQLP

exports[`<Loadable /> should render correctly 1`] = `null`;
